nohup: ignoring input
[dotenv@17.0.0] injecting env (6) from .env – 🔐 encrypt with dotenvx: https://dotenvx.com
🚀 Iniciando indexación de métricas de caché...
🔗 Conectando a Elasticsearch en http://localhost:9200
✅ Conexión a Elasticsearch exitosa
ℹ️  Índice "waze-cache-metrics" ya existe.

📋 Ejecutando simulaciones...

🔄 Simulando LRU con distribución long_tail...
✅ Indexados 1000 documentos de métricas.
✅ Indexados 1000 documentos de métricas.
✅ Indexados 1000 documentos de métricas.
✅ Indexados 1000 documentos de métricas.
✅ Indexados 1000 documentos de métricas.
✅ Indexados 1000 documentos de métricas.
✅ Indexados 1000 documentos de métricas.
✅ Indexados 1000 documentos de métricas.
✅ Indexados 1000 documentos de métricas.
✅ Indexados 1000 documentos de métricas.
   📊 Procesadas 10,000 operaciones de 49,873
✅ Indexados 1000 documentos de métricas.
✅ Indexados 1000 documentos de métricas.
✅ Indexados 1000 documentos de métricas.
✅ Indexados 1000 documentos de métricas.
✅ Indexados 1000 documentos de métricas.
✅ Indexados 1000 documentos de métricas.
✅ Indexados 1000 documentos de métricas.
✅ Indexados 1000 documentos de métricas.
✅ Indexados 1000 documentos de métricas.
✅ Indexados 1000 documentos de métricas.
   📊 Procesadas 20,000 operaciones de 49,873
✅ Indexados 1000 documentos de métricas.
✅ Indexados 1000 documentos de métricas.
✅ Indexados 1000 documentos de métricas.
✅ Indexados 1000 documentos de métricas.
✅ Indexados 1000 documentos de métricas.
✅ Indexados 1000 documentos de métricas.
✅ Indexados 1000 documentos de métricas.
✅ Indexados 1000 documentos de métricas.
✅ Indexados 1000 documentos de métricas.
✅ Indexados 1000 documentos de métricas.
   📊 Procesadas 30,000 operaciones de 49,873
✅ Indexados 1000 documentos de métricas.
✅ Indexados 1000 documentos de métricas.
✅ Indexados 1000 documentos de métricas.
✅ Indexados 1000 documentos de métricas.
✅ Indexados 1000 documentos de métricas.
✅ Indexados 1000 documentos de métricas.
✅ Indexados 1000 documentos de métricas.
✅ Indexados 1000 documentos de métricas.
✅ Indexados 1000 documentos de métricas.
✅ Indexados 1000 documentos de métricas.
   📊 Procesadas 40,000 operaciones de 49,873
✅ Indexados 1000 documentos de métricas.
✅ Indexados 1000 documentos de métricas.
✅ Indexados 1000 documentos de métricas.
✅ Indexados 1000 documentos de métricas.
✅ Indexados 1000 documentos de métricas.
✅ Indexados 1000 documentos de métricas.
✅ Indexados 1000 documentos de métricas.
✅ Indexados 1000 documentos de métricas.
✅ Indexados 1000 documentos de métricas.
✅ Indexados 873 documentos de métricas.
✅ Simulación LRU-long_tail completada:
   📈 Total operaciones: 49,873
   🎯 Hits: 49,759
   ❌ Misses: 114
   📊 Tasa de aciertos: 99.77%
   💾 Tamaño final caché: 114
🔄 Simulando LRU con distribución uniform...
✅ Indexados 1000 documentos de métricas.
✅ Indexados 1000 documentos de métricas.
✅ Indexados 1000 documentos de métricas.
✅ Indexados 1000 documentos de métricas.
✅ Indexados 1000 documentos de métricas.
✅ Indexados 1000 documentos de métricas.
✅ Indexados 1000 documentos de métricas.
✅ Indexados 1000 documentos de métricas.
✅ Indexados 1000 documentos de métricas.
✅ Indexados 1000 documentos de métricas.
   📊 Procesadas 10,000 operaciones de 50,176
✅ Indexados 1000 documentos de métricas.
✅ Indexados 1000 documentos de métricas.
✅ Indexados 1000 documentos de métricas.
✅ Indexados 1000 documentos de métricas.
✅ Indexados 1000 documentos de métricas.
✅ Indexados 1000 documentos de métricas.
✅ Indexados 1000 documentos de métricas.
✅ Indexados 1000 documentos de métricas.
✅ Indexados 1000 documentos de métricas.
✅ Indexados 1000 documentos de métricas.
   📊 Procesadas 20,000 operaciones de 50,176
✅ Indexados 1000 documentos de métricas.
✅ Indexados 1000 documentos de métricas.
✅ Indexados 1000 documentos de métricas.
✅ Indexados 1000 documentos de métricas.
✅ Indexados 1000 documentos de métricas.
✅ Indexados 1000 documentos de métricas.
✅ Indexados 1000 documentos de métricas.
✅ Indexados 1000 documentos de métricas.
✅ Indexados 1000 documentos de métricas.
✅ Indexados 1000 documentos de métricas.
   📊 Procesadas 30,000 operaciones de 50,176
✅ Indexados 1000 documentos de métricas.
✅ Indexados 1000 documentos de métricas.
✅ Indexados 1000 documentos de métricas.
✅ Indexados 1000 documentos de métricas.
✅ Indexados 1000 documentos de métricas.
✅ Indexados 1000 documentos de métricas.
✅ Indexados 1000 documentos de métricas.
✅ Indexados 1000 documentos de métricas.
✅ Indexados 1000 documentos de métricas.
✅ Indexados 1000 documentos de métricas.
   📊 Procesadas 40,000 operaciones de 50,176
✅ Indexados 1000 documentos de métricas.
✅ Indexados 1000 documentos de métricas.
✅ Indexados 1000 documentos de métricas.
✅ Indexados 1000 documentos de métricas.
✅ Indexados 1000 documentos de métricas.
✅ Indexados 1000 documentos de métricas.
✅ Indexados 1000 documentos de métricas.
✅ Indexados 1000 documentos de métricas.
✅ Indexados 1000 documentos de métricas.
✅ Indexados 1000 documentos de métricas.
   📊 Procesadas 50,000 operaciones de 50,176
✅ Indexados 176 documentos de métricas.
✅ Simulación LRU-uniform completada:
   📈 Total operaciones: 50,176
   🎯 Hits: 49,784
   ❌ Misses: 392
   📊 Tasa de aciertos: 99.22%
   💾 Tamaño final caché: 150
🔄 Simulando Random con distribución long_tail...
✅ Indexados 1000 documentos de métricas.
✅ Indexados 1000 documentos de métricas.
✅ Indexados 1000 documentos de métricas.
✅ Indexados 1000 documentos de métricas.
✅ Indexados 1000 documentos de métricas.
✅ Indexados 1000 documentos de métricas.
✅ Indexados 1000 documentos de métricas.
✅ Indexados 1000 documentos de métricas.
✅ Indexados 1000 documentos de métricas.
✅ Indexados 1000 documentos de métricas.
   📊 Procesadas 10,000 operaciones de 49,873
✅ Indexados 1000 documentos de métricas.
✅ Indexados 1000 documentos de métricas.
✅ Indexados 1000 documentos de métricas.
✅ Indexados 1000 documentos de métricas.
✅ Indexados 1000 documentos de métricas.
✅ Indexados 1000 documentos de métricas.
✅ Indexados 1000 documentos de métricas.
✅ Indexados 1000 documentos de métricas.
✅ Indexados 1000 documentos de métricas.
✅ Indexados 1000 documentos de métricas.
   📊 Procesadas 20,000 operaciones de 49,873
✅ Indexados 1000 documentos de métricas.
✅ Indexados 1000 documentos de métricas.
✅ Indexados 1000 documentos de métricas.
✅ Indexados 1000 documentos de métricas.
✅ Indexados 1000 documentos de métricas.
✅ Indexados 1000 documentos de métricas.
✅ Indexados 1000 documentos de métricas.
✅ Indexados 1000 documentos de métricas.
✅ Indexados 1000 documentos de métricas.
✅ Indexados 1000 documentos de métricas.
   📊 Procesadas 30,000 operaciones de 49,873
✅ Indexados 1000 documentos de métricas.
✅ Indexados 1000 documentos de métricas.
✅ Indexados 1000 documentos de métricas.
✅ Indexados 1000 documentos de métricas.
✅ Indexados 1000 documentos de métricas.
✅ Indexados 1000 documentos de métricas.
✅ Indexados 1000 documentos de métricas.
✅ Indexados 1000 documentos de métricas.
✅ Indexados 1000 documentos de métricas.
✅ Indexados 1000 documentos de métricas.
   📊 Procesadas 40,000 operaciones de 49,873
✅ Indexados 1000 documentos de métricas.
✅ Indexados 1000 documentos de métricas.
✅ Indexados 1000 documentos de métricas.
✅ Indexados 1000 documentos de métricas.
✅ Indexados 1000 documentos de métricas.
✅ Indexados 1000 documentos de métricas.
✅ Indexados 1000 documentos de métricas.
✅ Indexados 1000 documentos de métricas.
✅ Indexados 1000 documentos de métricas.
✅ Indexados 873 documentos de métricas.
✅ Simulación Random-long_tail completada:
   📈 Total operaciones: 49,873
   🎯 Hits: 49,759
   ❌ Misses: 114
   📊 Tasa de aciertos: 99.77%
   💾 Tamaño final caché: 114
🔄 Simulando Random con distribución uniform...
✅ Indexados 1000 documentos de métricas.
✅ Indexados 1000 documentos de métricas.
✅ Indexados 1000 documentos de métricas.
✅ Indexados 1000 documentos de métricas.
✅ Indexados 1000 documentos de métricas.
✅ Indexados 1000 documentos de métricas.
✅ Indexados 1000 documentos de métricas.
✅ Indexados 1000 documentos de métricas.
✅ Indexados 1000 documentos de métricas.
✅ Indexados 1000 documentos de métricas.
   📊 Procesadas 10,000 operaciones de 50,176
✅ Indexados 1000 documentos de métricas.
✅ Indexados 1000 documentos de métricas.
✅ Indexados 1000 documentos de métricas.
✅ Indexados 1000 documentos de métricas.
✅ Indexados 1000 documentos de métricas.
✅ Indexados 1000 documentos de métricas.
✅ Indexados 1000 documentos de métricas.
✅ Indexados 1000 documentos de métricas.
✅ Indexados 1000 documentos de métricas.
✅ Indexados 1000 documentos de métricas.
   📊 Procesadas 20,000 operaciones de 50,176
✅ Indexados 1000 documentos de métricas.
✅ Indexados 1000 documentos de métricas.
✅ Indexados 1000 documentos de métricas.
✅ Indexados 1000 documentos de métricas.
✅ Indexados 1000 documentos de métricas.
✅ Indexados 1000 documentos de métricas.
✅ Indexados 1000 documentos de métricas.
✅ Indexados 1000 documentos de métricas.
✅ Indexados 1000 documentos de métricas.
✅ Indexados 1000 documentos de métricas.
   📊 Procesadas 30,000 operaciones de 50,176
✅ Indexados 1000 documentos de métricas.
✅ Indexados 1000 documentos de métricas.
✅ Indexados 1000 documentos de métricas.
✅ Indexados 1000 documentos de métricas.
✅ Indexados 1000 documentos de métricas.
✅ Indexados 1000 documentos de métricas.
✅ Indexados 1000 documentos de métricas.
✅ Indexados 1000 documentos de métricas.
✅ Indexados 1000 documentos de métricas.
✅ Indexados 1000 documentos de métricas.
   📊 Procesadas 40,000 operaciones de 50,176
✅ Indexados 1000 documentos de métricas.
✅ Indexados 1000 documentos de métricas.
✅ Indexados 1000 documentos de métricas.
✅ Indexados 1000 documentos de métricas.
✅ Indexados 1000 documentos de métricas.
✅ Indexados 1000 documentos de métricas.
✅ Indexados 1000 documentos de métricas.
✅ Indexados 1000 documentos de métricas.
✅ Indexados 1000 documentos de métricas.
✅ Indexados 1000 documentos de métricas.
   📊 Procesadas 50,000 operaciones de 50,176
✅ Indexados 176 documentos de métricas.
✅ Simulación Random-uniform completada:
   📈 Total operaciones: 50,176
   🎯 Hits: 49,784
   ❌ Misses: 392
   📊 Tasa de aciertos: 99.22%
   💾 Tamaño final caché: 150

📊 RESUMEN FINAL:
==================
LRU-long_tail: 99.77% hit rate (49759/49873)
LRU-uniform: 99.22% hit rate (49784/50176)
Random-long_tail: 99.77% hit rate (49759/49873)
Random-uniform: 99.22% hit rate (49784/50176)

✅ Indexación completada exitosamente!
🔍 Visualiza los datos en Kibana: http://localhost:5601
